<html>
<body>
<pre>
<h1>µVision Build Log</h1>
<h2>Tool Versions:</h2>
IDE-Version: ¦ÌVision V5.33.0.0
Copyright (C) 2020 ARM Ltd and ARM Germany GmbH. All rights reserved.
License Information: 123 playmaker, 123, LIC=65ISZ-JDVC2-01QP1-CS5YM-XURX1-WG4PW
 
Tool Versions:
Toolchain:       MDK-ARM Plus  Version: 5.33.0.0
Toolchain Path:  E:\Keil_v5\ARM\ARMCC\Bin
C Compiler:      Armcc.exe V5.06 update 7 (build 960)
Assembler:       Armasm.exe V5.06 update 7 (build 960)
Linker/Locator:  ArmLink.exe V5.06 update 7 (build 960)
Library Manager: ArmAr.exe V5.06 update 7 (build 960)
Hex Converter:   FromElf.exe V5.06 update 7 (build 960)
CPU DLL:         SARMCM3.DLL V5.33.0.0
Dialog DLL:      DARMCM1.DLL V1.19.4.0
Target DLL:      STLink\ST-LINKIII-KEIL_SWO.dll V3.0.8.0
Dialog DLL:      TARMCM1.DLL V1.14.3.0
 
<h2>Project:</h2>
D:\NBIOT\NBIOT_STM32\BC95_BC35\NBSN95_LSE_LDD\v1.2\MDK-ARM\NBSN95.uvprojx
Project File Date:  01/11/2022

<h2>Output:</h2>
*** Using Compiler 'V5.06 update 7 (build 960)', folder: 'E:\Keil_v5\ARM\ARMCC\Bin'
Rebuild target 'NBSN95'
assembling startup_stm32l072xx.s...
compiling iwdg.c...
compiling gpio.c...
compiling dma.c...
compiling rtc.c...
compiling adc.c...
compiling usart.c...
compiling main.c...
compiling lowpower.c...
compiling flash_eraseprogram.c...
compiling stm32l0xx_it.c...
compiling stm32l0xx_hal_msp.c...
compiling battery_read.c...
compiling common.c...
compiling at.c...
compiling ult.c...
compiling soil.c...
compiling time_server.c...
compiling txs0102.c...
compiling nb_mqtt.c...
compiling ds18b20.c...
compiling nbInit.c...
compiling stm32l0xx_hal_adc_ex.c...
compiling stm32l0xx_hal.c...
compiling nb_udp.c...
compiling nb_tcp.c...
compiling nb_coap.c...
compiling stm32l0xx_hal_adc.c...
compiling stm32l0xx_hal_i2c.c...
compiling stm32l0xx_hal_i2c_ex.c...
compiling stm32l0xx_hal_flash_ex.c...
compiling stm32l0xx_hal_flash_ramfunc.c...
compiling stm32l0xx_hal_flash.c...
compiling stm32l0xx_hal_rcc.c...
compiling stm32l0xx_hal_gpio.c...
compiling stm32l0xx_hal_rcc_ex.c...
compiling stm32l0xx_hal_dma.c...
compiling stm32l0xx_hal_iwdg.c...
compiling stm32l0xx_hal_cortex.c...
compiling stm32l0xx_hal_pwr_ex.c...
compiling stm32l0xx_hal_exti.c...
compiling stm32l0xx_hal_pwr.c...
compiling stm32l0xx_hal_uart_ex.c...
compiling stm32l0xx_hal_uart.c...
compiling stm32l0xx_hal_tim_ex.c...
compiling stm32l0xx_hal_tim.c...
compiling system_stm32l0xx.c...
compiling stm32l0xx_hal_rtc.c...
compiling stm32l0xx_hal_rtc_ex.c...
linking...
Program Size: Code=35668 RO-data=3220 RW-data=8184 ZI-data=5216  
FromELF: creating hex file...
After Build - User command #2: fromelf --bin -o "NBSN95\NBSN95.bin" "NBSN95\NBSN95.axf"
"NBSN95\NBSN95.axf" - 0 Error(s), 0 Warning(s).

<h2>Software Packages used:</h2>

Package Vendor: ARM
                http://www.keil.com/pack/ARM.CMSIS.5.7.0.pack
                ARM.CMSIS.5.7.0
                CMSIS (Cortex Microcontroller Software Interface Standard)
   * Component: CORE Version: 5.4.0

Package Vendor: Keil
                http://www.keil.com/pack/Keil.STM32L0xx_DFP.2.1.0.pack
                Keil.STM32L0xx_DFP.2.1.0
                STMicroelectronics STM32L0 Series Device Support, Drivers and Examples

<h2>Collection of Component include folders:</h2>
  .\RTE\_NBSN95
  E:\Keil_v5\Arm\Packs\ARM\CMSIS\5.7.0\CMSIS\Core\Include
  E:\Keil_v5\Arm\Packs\Keil\STM32L0xx_DFP\2.1.0\Drivers\CMSIS\Device\ST\STM32L0xx\Include

<h2>Collection of Component Files used:</h2>

   * Component: ARM::CMSIS:CORE:5.4.0
Build Time Elapsed:  00:00:28
</pre>
</body>
</html>
